// Jest Snapshot v1, https://goo.gl/fbAQLP

exports[`App component only should be mounted correctly 1`] = `
<Layout
  monoColumn={false}
>
  <Main>
    <Content
      className="app-content"
    >
      <Pouch />
    </Content>
  </Main>
  <IconSprite />
</Layout>
`;
